API Key present: true
Testing Gemini API with model: gemini-2.0-flash-lite
node : Error 
encountered:
At line:1 char:1
+ node test_ai.js > 
error_log.txt 2>&1
+ ~~~~~~~~~~~~~~~~~~~~
~~~~~~~~~~~~~~~~
    + CategoryInfo    
          : NotSpeci  
  fied: (Error enco   
 untered::String)     
[], RemoteExcepti    
on
    + FullyQualifiedE 
   rrorId : NativeCo  
  mmandError
 
ClientError: got 
status: 403 
Forbidden. {"error":{"
code":403,"message":"Y
our API key was 
reported as leaked. 
Please use another 
API key.","status":"PE
RMISSION_DENIED"}}
    at 
throwErrorIfNotOK (C:\
projects\AIprep\backen
d\node_modules\@google
\genai\dist\node\index
.cjs:11228:33)
    at process.process
TicksAndRejections (no
de:internal/process/ta
sk_queues:105:5)
    at async C:\projec
ts\AIprep\backend\node
_modules\@google\genai
\dist\node\index.cjs:1
1002:13
    at async Models.ge
nerateContent (C:\proj
ects\AIprep\backend\no
de_modules\@google\gen
ai\dist\node\index.cjs
:12179:24)
    at async 
testGemini (C:\project
s\AIprep\backend\test_
ai.js:15:26) {
  [cause]: 'Error\n' +
    '    at new 
ClientError (C:\\proje
cts\\AIprep\\backend\\
node_modules\\@google\
\genai\\dist\\node\\in
dex.cjs:10740:37)\n' +
    '    at 
throwErrorIfNotOK (C:\
\projects\\AIprep\\bac
kend\\node_modules\\@g
oogle\\genai\\dist\\no
de\\index.cjs:11228:33
)\n' +
    '    at process.pr
ocessTicksAndRejection
s (node:internal/proce
ss/task_queues:105:5)\
n' +
    '    at async C:\\
projects\\AIprep\\back
end\\node_modules\\@go
ogle\\genai\\dist\\nod
e\\index.cjs:11002:13\
n' +
    '    at async Mode
ls.generateContent (C:
\\projects\\AIprep\\ba
ckend\\node_modules\\@
google\\genai\\dist\\n
ode\\index.cjs:12179:2
4)\n' +
    '    at async 
testGemini (C:\\projec
ts\\AIprep\\backend\\t
est_ai.js:15:26)'
}
